============================= test session starts =============================
platform win32 -- Python 3.14.2, pytest-9.0.3, pluggy-1.6.0 -- C:\Users\terav\AppData\Local\Programs\Python\Python314\python.exe
cachedir: .pytest_cache
rootdir: C:\Users\terav\WORKSPACE_MAOA_WinAppVibeCoder -Kimi\projects\SpiderFEA
plugins: anyio-4.13.0
collecting ... collected 126 items

tests/test_api.py::test_create_design_with_name PASSED                   [  0%]
tests/test_api.py::test_create_design_default_name PASSED                [  1%]
tests/test_api.py::test_save_design_returns_int_id PASSED                [  2%]
tests/test_api.py::test_load_design_matches_original PASSED              [  3%]
tests/test_api.py::test_list_designs_returns_expected_keys PASSED        [  3%]
tests/test_api.py::test_delete_design_removes_record PASSED              [  4%]
tests/test_api.py::test_delete_design_raises_on_missing PASSED           [  5%]
tests/test_api.py::test_clone_design_creates_independent_copy PASSED     [  6%]
tests/test_api.py::test_update_geometry_parameter_updates_field PASSED   [  7%]
tests/test_api.py::test_update_geometry_parameter_invalid_field_raises PASSED [  7%]
tests/test_api.py::test_recalculate_profile_produces_closed_polygon PASSED [  8%]
tests/test_api.py::test_validate_geometry_detects_invalid[<lambda>0] PASSED [  9%]
tests/test_api.py::test_validate_geometry_detects_invalid[<lambda>1] PASSED [ 10%]
tests/test_api.py::test_validate_geometry_passes_for_defaults PASSED     [ 11%]
tests/test_api.py::test_update_material_property_nomex PASSED            [ 11%]
tests/test_api.py::test_update_material_property_unknown_raises PASSED   [ 12%]
tests/test_api.py::test_list_available_spider_materials_all_linear_elastic PASSED [ 13%]
tests/test_api.py::test_update_mesh_control_sets_value_and_flags PASSED  [ 14%]
tests/test_api.py::test_update_mesh_control_invalid_field_raises PASSED  [ 15%]
tests/test_api.py::test_generate_mesh_sets_flag PASSED                   [ 15%]
tests/test_api.py::test_convert_mesh_with_elmergrid_calls_subprocess PASSED [ 16%]
tests/test_api.py::test_run_simulation_without_mesh_raises PASSED        [ 17%]
tests/test_api.py::test_run_simulation_with_mocked_solver PASSED         [ 18%]
tests/test_api.py::test_generate_elmer_sif_writes_file PASSED            [ 19%]
tests/test_api.py::test_parse_simulation_results_returns_expected_keys PASSED [ 19%]
tests/test_api.py::test_export_cross_section_png_creates_file PASSED     [ 20%]
tests/test_api.py::test_export_force_deflection_csv_has_headers PASSED   [ 21%]
tests/test_api.py::test_export_compliance_csv_has_headers PASSED         [ 22%]
tests/test_api.py::test_export_results_json_matches_design PASSED        [ 23%]
tests/test_api.py::test_export_database_copies_file PASSED               [ 23%]
tests/test_api.py::test_import_database_replace_mode PASSED              [ 24%]
tests/test_api.py::test_import_database_merge_mode PASSED                [ 25%]
tests/test_api.py::test_init_database_creates_tables PASSED              [ 26%]
tests/test_api.py::test_set_elmer_solver_path_persisted SKIPPED (set...) [ 26%]
tests/test_api.py::test_set_elmergrid_path_persisted PASSED              [ 27%]
tests/test_api.py::test_set_working_directory_persisted PASSED           [ 28%]
tests/test_api.py::test_get_default_values_matches_spec PASSED           [ 29%]
tests/test_geometry.py::test_default_values_match_definition PASSED      [ 30%]
tests/test_geometry.py::test_recalculate_profile_with_defaults PASSED    [ 30%]
tests/test_geometry.py::test_recalculate_profile_reference_tolerance PASSED [ 31%]
tests/test_geometry.py::test_update_geometry_parameter_updates_field[D_inner_spider-80.0] PASSED [ 32%]
tests/test_geometry.py::test_update_geometry_parameter_updates_field[L_inner_bond-3.0] PASSED [ 33%]
tests/test_geometry.py::test_update_geometry_parameter_updates_field[D_outer_landing_ID-115.0] PASSED [ 34%]
tests/test_geometry.py::test_update_geometry_parameter_updates_field[D_outer_landing_OD-125.0] PASSED [ 34%]
tests/test_geometry.py::test_update_geometry_parameter_updates_field[h_inner-8.0] PASSED [ 35%]
tests/test_geometry.py::test_update_geometry_parameter_updates_field[h_outer-12.0] PASSED [ 36%]
tests/test_geometry.py::test_update_geometry_parameter_updates_field[t-1.0] PASSED [ 37%]
tests/test_geometry.py::test_validate_geometry_detects_invalid[<lambda>-OD] PASSED [ 38%]
tests/test_geometry.py::test_validate_geometry_detects_invalid[<lambda>-ID] PASSED [ 38%]
tests/test_geometry.py::test_validate_geometry_detects_invalid[<lambda>-h_inner] PASSED [ 39%]
tests/test_geometry.py::test_validate_geometry_detects_invalid[<lambda>-h_outer] PASSED [ 40%]
tests/test_geometry.py::test_validate_geometry_detects_invalid[<lambda>-thickness] PASSED [ 41%]
tests/test_geometry.py::test_validate_geometry_n_peaks_must_be_odd PASSED [ 42%]
tests/test_geometry.py::test_validate_geometry_accepts_valid_custom_inputs PASSED [ 42%]
tests/test_mesh.py::test_generate_mesh_sets_flag PASSED                  [ 43%]
tests/test_mesh.py::test_generate_mesh_calls_gmsh_api PASSED             [ 44%]
tests/test_mesh.py::test_generate_mesh_without_profile_fails PASSED      [ 45%]
tests/test_mesh.py::test_update_mesh_control_invalidates_simulation_state PASSED [ 46%]
tests/test_mesh.py::test_update_mesh_control_elements_through_thickness PASSED [ 46%]
tests/test_mesh.py::test_convert_mesh_with_elmergrid_calls_subprocess PASSED [ 47%]
tests/test_mesh.py::test_convert_mesh_with_elmergrid_raises_on_failure PASSED [ 48%]
tests/test_persistence.py::test_database_has_designs_table PASSED        [ 49%]
tests/test_persistence.py::test_database_has_settings_table PASSED       [ 50%]
tests/test_persistence.py::test_save_design_increments_id PASSED         [ 50%]
tests/test_persistence.py::test_load_design_roundtrip PASSED             [ 51%]
tests/test_persistence.py::test_list_designs_ordering PASSED             [ 52%]
tests/test_persistence.py::test_delete_design_removes_entry PASSED       [ 53%]
tests/test_persistence.py::test_export_database_creates_valid_sqlite PASSED [ 53%]
tests/test_persistence.py::test_import_database_replace PASSED           [ 54%]
tests/test_simulation.py::test_generate_elmer_sif_creates_file PASSED    [ 55%]
tests/test_simulation.py::test_generate_elmer_sif_contains_solver_keyword PASSED [ 56%]
tests/test_simulation.py::test_generate_elmer_sif_contains_axisymmetric PASSED [ 57%]
tests/test_simulation.py::test_generate_elmer_sif_contains_material_properties PASSED [ 57%]
tests/test_simulation.py::test_parse_simulation_results_returns_all_keys PASSED [ 58%]
tests/test_simulation.py::test_parse_simulation_results_force_deflection_is_list_of_dicts PASSED [ 59%]
tests/test_simulation.py::test_parse_simulation_results_compliance_is_list_of_dicts PASSED [ 60%]
tests/test_simulation.py::test_run_simulation_without_mesh_raises PASSED [ 61%]
tests/test_simulation.py::test_run_simulation_mocked_success PASSED      [ 61%]
tests/test_simulation.py::test_run_simulation_sets_simulation_complete_true PASSED [ 62%]
tests/test_simulation.py::test_run_simulation_solver_failure_raises PASSED [ 63%]
tests/test_startup.py::test_api_module_imports PASSED                    [ 64%]
tests/test_startup.py::test_spider_design_dataclass_imports PASSED       [ 65%]
tests/test_startup.py::test_main_window_constructs PASSED                [ 65%]
tests/test_startup.py::test_main_window_title PASSED                     [ 66%]
tests/test_startup.py::test_api_public_surface PASSED                    [ 67%]
tests/test_startup.py::test_all_buttons_clickable 